==> Loading dependency environment: /ocean/projects/mch250004p/mchoi10/iblgf-lib/setup_iblgf.sh
==> Building remote tree (-j 128)
[  0%] Built target copy_ifherk_files
[  2%] Built target gtest
[  2%] Built target copy_files
[  7%] Built target triple_decomposition.x
[  9%] Built target iblgf_test_main
[  9%] Built target copy_ifherk_files2D
[ 13%] Built target block_descriptor
[ 19%] Built target svt
[ 24%] Built target convTest.x
[ 40%] Built target ns_amr_lgf2D.x
[ 47%] Built target poisson2D.x
[ 47%] Built target ffmTest
[ 50%] Built target poisson.x
[ 50%] Built target ns_amr_lgf.x
[ 54%] Built target operators
[ 63%] Built target datafields
[ 69%] Built target view
[ 69%] Built target ns_amr_lgf_Test
[ 76%] Built target ns_amr_lgf_Test2D
[ 90%] Built target convFFTTest
[ 93%] Built target tree
[ 95%] Built target poisson_Test
[ 95%] Built target convSingleBlockTest
[100%] Built target server_client
==> Running test 'ns_amr_lgf2D'
    Host:     r414.ib.bridges2.psc.edu
    Run dir:  /ocean/projects/mch250004p/mchoi10/IBLGF-AMR/runs/ns_amr_lgf2D/2026-07-28_13-12-56
    Exe:      /ocean/projects/mch250004p/mchoi10/IBLGF-AMR/build-remote/tests/ns_amr_lgf2D/ns_amr_lgf2D.x
    Config:   config_freq0p05.cfg
    MPI:      32 (mpiexec)
    Logs:     stdout.log / stderr.log
