==> Loading dependency environment: /ocean/projects/mch250004p/mchoi10/iblgf-lib/setup_iblgf.sh
==> Building remote tree (-j 128)
[  2%] Built target gtest
[  2%] Built target copy_ifherk_files
[  3%] Built target copy_files
[  7%] Built target triple_decomposition.x
[  7%] Built target copy_ifherk_files2D
[  9%] Built target iblgf_test_main
[ 14%] Built target convTest.x
[ 22%] Built target poisson.x
[ 27%] Built target ns_amr_lgf.x
[ 35%] Built target ns_amr_lgf2D.x
[ 35%] Built target poisson2D.x
[ 39%] Built target block_descriptor
[ 46%] Built target svt
[ 48%] Built target server_client
[ 54%] Built target view
[ 60%] Built target datafields
[ 63%] Built target tree
[ 72%] Built target convFFTTest
[ 74%] Built target convSingleBlockTest
[ 97%] Built target operators
[ 98%] Built target poisson_Test
[ 98%] Built target ffmTest
[100%] Built target ns_amr_lgf_Test
[100%] Built target ns_amr_lgf_Test2D
==> Running test 'ns_amr_lgf2D'
    Host:     r081.ib.bridges2.psc.edu
    Run dir:  /ocean/projects/mch250004p/mchoi10/IBLGF-AMR/runs/ns_amr_lgf2D/2026-07-29_20-14-34
    Exe:      /ocean/projects/mch250004p/mchoi10/IBLGF-AMR/build-remote/tests/ns_amr_lgf2D/ns_amr_lgf2D.x
    Config:   config_tau1p0_res0p0625.cfg
    MPI:      32 (mpiexec)
    Logs:     stdout.log / stderr.log
==> Done. Outputs are in: /ocean/projects/mch250004p/mchoi10/IBLGF-AMR/runs/ns_amr_lgf2D/2026-07-29_20-14-34
