==> Loading dependency environment: /ocean/projects/mch250004p/mchoi10/iblgf-lib/setup_iblgf.sh
==> Building remote tree (-j 128)
[  0%] Built target copy_ifherk_files
[  2%] Built target gtest
[  7%] Built target triple_decomposition.x
[  7%] Built target copy_ifherk_files2D
[  9%] Built target iblgf_test_main
[  9%] Built target copy_files
[ 13%] Built target block_descriptor
[ 25%] Built target convTest.x
[ 25%] Built target view
[ 29%] Built target convFFTTest
[ 53%] Built target ns_amr_lgf2D.x
[ 60%] Built target ns_amr_lgf.x
[ 60%] Built target poisson.x
[ 60%] Built target datafields
[ 60%] Built target operators
[ 61%] Built target poisson2D.x
[ 64%] Built target ffmTest
[ 69%] Built target server_client
[ 73%] Built target ns_amr_lgf_Test
[ 78%] Built target convSingleBlockTest
[ 87%] Built target poisson_Test
[ 89%] Built target tree
[ 94%] Built target ns_amr_lgf_Test2D
[100%] Built target svt
==> Running test 'ns_amr_lgf2D'
    Host:     r081.ib.bridges2.psc.edu
    Run dir:  /ocean/projects/mch250004p/mchoi10/IBLGF-AMR/runs/ns_amr_lgf2D/2026-07-29_20-07-55
    Exe:      /ocean/projects/mch250004p/mchoi10/IBLGF-AMR/build-remote/tests/ns_amr_lgf2D/ns_amr_lgf2D.x
    Config:   config_tau1p0_res0p125.cfg
    MPI:      32 (mpiexec)
    Logs:     stdout.log / stderr.log
==> Done. Outputs are in: /ocean/projects/mch250004p/mchoi10/IBLGF-AMR/runs/ns_amr_lgf2D/2026-07-29_20-07-55
