===== 2 MPI ranks =====
==> Loading dependency environment: /ocean/projects/mch250004p/mchoi10/iblgf-lib/setup_iblgf.sh
==> Building remote tree (-j 8)
[  2%] Built target gtest
[  2%] Built target copy_ifherk_files
[  2%] Built target copy_files
[  3%] Built target copy_ifherk_files2D
[  7%] Built target triple_decomposition.x
[  9%] Built target iblgf_test_main
[ 19%] Built target ns_amr_lgf.x
[ 20%] Built target ns_amr_lgf2D.x
[ 28%] Built target convTest.x
[ 29%] Built target server_client
[ 35%] Built target poisson.x
[ 39%] Built target poisson2D.x
[ 43%] Built target block_descriptor
[ 48%] Built target view
[ 53%] Built target datafields
[ 58%] Built target tree
[ 63%] Built target poisson_Test
[ 70%] Built target operators
[ 76%] Built target ns_amr_lgf_Test
[ 78%] Built target ns_amr_lgf_Test2D
[ 84%] Built target convFFTTest
[ 93%] Built target svt
[ 94%] Built target convSingleBlockTest
[100%] Built target ffmTest
==> Running benchmark 'ns_amr_lgf2D' with 2 rank(s)
srun: error:  mpi/pmix_v2: init: (null) [0]: mpi_pmix.c:195: pmi/pmix: can not load PMIx library
srun: error: Couldn't load specified plugin name for mpi/pmix: Plugin init() callback failed
srun: error: MPI: Cannot create context for mpi/pmix
srun: error: MPI: Unable to load any plugin
srun: error: Invalid MPI type 'pmix', --mpi=list for acceptable types
0.00
===== 4 MPI ranks =====
==> Loading dependency environment: /ocean/projects/mch250004p/mchoi10/iblgf-lib/setup_iblgf.sh
==> Building remote tree (-j 8)
[  2%] Built target gtest
[  2%] Built target copy_ifherk_files
[  2%] Built target copy_files
[  4%] Built target copy_ifherk_files2D
[  7%] Built target triple_decomposition.x
[  9%] Built target iblgf_test_main
[ 15%] Built target poisson.x
[ 23%] Built target ns_amr_lgf.x
[ 32%] Built target server_client
[ 35%] Built target poisson2D.x
[ 35%] Built target ns_amr_lgf2D.x
[ 39%] Built target block_descriptor
[ 43%] Built target convTest.x
[ 48%] Built target view
[ 53%] Built target datafields
[ 58%] Built target tree
[ 69%] Built target operators
[ 75%] Built target svt
[ 77%] Built target ns_amr_lgf_Test
[ 85%] Built target ns_amr_lgf_Test2D
[ 91%] Built target convFFTTest
[ 93%] Built target convSingleBlockTest
[ 94%] Built target poisson_Test
[100%] Built target ffmTest
==> Running benchmark 'ns_amr_lgf2D' with 4 rank(s)
srun: error:  mpi/pmix_v2: init: (null) [0]: mpi_pmix.c:195: pmi/pmix: can not load PMIx library
srun: error: Couldn't load specified plugin name for mpi/pmix: Plugin init() callback failed
srun: error: MPI: Cannot create context for mpi/pmix
srun: error: MPI: Unable to load any plugin
srun: error: Invalid MPI type 'pmix', --mpi=list for acceptable types
0.00
===== 8 MPI ranks =====
==> Loading dependency environment: /ocean/projects/mch250004p/mchoi10/iblgf-lib/setup_iblgf.sh
==> Building remote tree (-j 8)
[  2%] Built target gtest
[  2%] Built target copy_ifherk_files
[  7%] Built target triple_decomposition.x
[  9%] Built target iblgf_test_main
[ 23%] Built target ns_amr_lgf.x
[ 23%] Built target poisson.x
[ 24%] Built target ns_amr_lgf2D.x
[ 30%] Built target poisson2D.x
[ 35%] Built target server_client
[ 39%] Built target block_descriptor
[ 43%] Built target convTest.x
[ 48%] Built target view
[ 53%] Built target datafields
[ 58%] Built target tree
[ 68%] Built target operators
[ 70%] Built target convFFTTest
[ 73%] Built target copy_files
[ 73%] Built target ns_amr_lgf_Test
[ 78%] Built target svt
[ 85%] Built target convSingleBlockTest
[ 89%] Built target ffmTest
[ 94%] Built target poisson_Test
[ 94%] Built target copy_ifherk_files2D
[100%] Built target ns_amr_lgf_Test2D
==> Running benchmark 'ns_amr_lgf2D' with 8 rank(s)
srun: error:  mpi/pmix_v2: init: (null) [0]: mpi_pmix.c:195: pmi/pmix: can not load PMIx library
srun: error: Couldn't load specified plugin name for mpi/pmix: Plugin init() callback failed
srun: error: MPI: Cannot create context for mpi/pmix
srun: error: MPI: Unable to load any plugin
srun: error: Invalid MPI type 'pmix', --mpi=list for acceptable types
0.00
===== 16 MPI ranks =====
==> Loading dependency environment: /ocean/projects/mch250004p/mchoi10/iblgf-lib/setup_iblgf.sh
==> Building remote tree (-j 8)
[  2%] Built target gtest
[  2%] Built target copy_ifherk_files
[  2%] Built target copy_files
[  7%] Built target triple_decomposition.x
[  7%] Built target copy_ifherk_files2D
[  9%] Built target iblgf_test_main
[ 21%] Built target ns_amr_lgf.x
[ 21%] Built target ns_amr_lgf2D.x
[ 24%] Built target poisson.x
[ 31%] Built target server_client
[ 34%] Built target convTest.x
[ 39%] Built target poisson2D.x
[ 43%] Built target block_descriptor
[ 48%] Built target view
[ 53%] Built target datafields
[ 58%] Built target tree
[ 63%] Built target poisson_Test
[ 70%] Built target operators
[ 73%] Built target ns_amr_lgf_Test
[ 79%] Built target ns_amr_lgf_Test2D
[ 89%] Built target svt
[ 89%] Built target convFFTTest
[ 94%] Built target convSingleBlockTest
[100%] Built target ffmTest
==> Running benchmark 'ns_amr_lgf2D' with 16 rank(s)
srun: error:  mpi/pmix_v2: init: (null) [0]: mpi_pmix.c:195: pmi/pmix: can not load PMIx library
srun: error: Couldn't load specified plugin name for mpi/pmix: Plugin init() callback failed
srun: error: MPI: Cannot create context for mpi/pmix
srun: error: MPI: Unable to load any plugin
srun: error: Invalid MPI type 'pmix', --mpi=list for acceptable types
0.00
===== 32 MPI ranks =====
==> Loading dependency environment: /ocean/projects/mch250004p/mchoi10/iblgf-lib/setup_iblgf.sh
