Run failed for config_freq0p05.cfg
Sweep stdout log: /ocean/projects/mch250004p/mchoi10/IBLGF-AMR/formation_number_plot/mass_logs_remote/config_freq0p05.stdout.log
Sweep stderr log: /ocean/projects/mch250004p/mchoi10/IBLGF-AMR/formation_number_plot/mass_logs_remote/config_freq0p05.stderr.log

Last lines from sweep stdout:
==> Loading dependency environment: /ocean/projects/mch250004p/mchoi10/iblgf-lib/setup_iblgf.sh
==> Building remote tree (-j 128)
[  0%] Built target copy_files
[  0%] Built target copy_ifherk_files2D
[  2%] Built target gtest
[  2%] Built target copy_ifherk_files
[  7%] Built target triple_decomposition.x
[  9%] Built target iblgf_test_main
[ 13%] Built target block_descriptor
[ 19%] Built target svt
[ 23%] Built target server_client
[ 45%] Built target convTest.x
[ 51%] Built target view
[ 51%] Built target datafields
[ 53%] Built target tree
[ 54%] Built target convFFTTest
[ 82%] Built target poisson.x
[ 82%] Built target convSingleBlockTest
[ 91%] Built target poisson2D.x
[ 91%] Built target ns_amr_lgf2D.x
[ 91%] Built target ns_amr_lgf.x
[100%] Built target poisson_Test
[100%] Built target ffmTest
[100%] Built target operators
[100%] Built target ns_amr_lgf_Test
[100%] Built target ns_amr_lgf_Test2D
==> Running test 'ns_amr_lgf2D'
    Host:     r127.ib.bridges2.psc.edu
    Run dir:  /ocean/projects/mch250004p/mchoi10/IBLGF-AMR/runs/ns_amr_lgf2D/2026-07-23_14-48-19
    Exe:      /ocean/projects/mch250004p/mchoi10/IBLGF-AMR/build-remote/tests/ns_amr_lgf2D/ns_amr_lgf2D.x
    Config:   config_freq0p05.cfg
    MPI:      32 (mpiexec)
    Logs:     stdout.log / stderr.log

Simulation run directory: /ocean/projects/mch250004p/mchoi10/IBLGF-AMR/runs/ns_amr_lgf2D/2026-07-23_14-48-19
Last lines from simulation stderr:
srun: error: r127: task 0: Out Of Memory
slurmstepd: error: Detected 1 oom-kill event(s) in StepId=42560531.0. Some of your processes may have been killed by the cgroup out-of-memory handler.
