==> Loading dependency environment: /ocean/projects/mch250004p/mchoi10/iblgf-lib/setup_iblgf.sh
==> Building remote tree (-j 128)
[  0%] Built target copy_ifherk_files
[  2%] Built target gtest
[  2%] Built target copy_ifherk_files2D
[  2%] Built target copy_files
[  7%] Built target triple_decomposition.x
[  9%] Built target iblgf_test_main
[ 13%] Built target block_descriptor
[ 19%] Built target svt
[ 23%] Built target server_client
[ 44%] Built target view
[ 51%] Built target datafields
[ 52%] Built target convFFTTest
[ 52%] Built target convSingleBlockTest
[ 72%] Built target tree
[ 79%] Built target operators
[ 92%] Built target poisson_Test
[ 92%] Built target ns_amr_lgf_Test
[ 92%] Built target poisson2D.x
[ 92%] Built target ns_amr_lgf2D.x
[ 92%] Built target ns_amr_lgf_Test2D
[ 96%] Built target poisson.x
[ 96%] Built target ns_amr_lgf.x
[100%] Built target ffmTest
[100%] Built target convTest.x
==> Running test 'ns_amr_lgf2D'
    Host:     r407.ib.bridges2.psc.edu
    Run dir:  /ocean/projects/mch250004p/mchoi10/IBLGF-AMR/runs/ns_amr_lgf2D/2026-07-28_13-05-22
    Exe:      /ocean/projects/mch250004p/mchoi10/IBLGF-AMR/build-remote/tests/ns_amr_lgf2D/ns_amr_lgf2D.x
    Config:   config_freq0p1.cfg
    MPI:      32 (mpiexec)
    Logs:     stdout.log / stderr.log
