==> Loading dependency environment: /ocean/projects/mch250004p/mchoi10/iblgf-lib/setup_iblgf.sh
==> Building remote tree (-j 128)
[  0%] Built target copy_ifherk_files
[  0%] Built target copy_files
[  0%] Built target copy_ifherk_files2D
[  2%] Built target gtest
[  7%] Built target triple_decomposition.x
[ 12%] Built target ns_amr_lgf.x
[ 13%] Built target iblgf_test_main
[ 19%] Built target convTest.x
[ 24%] Built target poisson.x
[ 28%] Built target block_descriptor
[ 37%] Built target svt
[ 39%] Built target ns_amr_lgf2D.x
[ 45%] Built target server_client
[ 48%] Built target poisson2D.x
[ 54%] Built target view
[ 63%] Built target tree
[ 70%] Built target datafields
[ 72%] Built target convSingleBlockTest
[ 87%] Built target convFFTTest
[ 87%] Built target operators
[ 89%] Built target ffmTest
[ 97%] Built target poisson_Test
[ 97%] Built target ns_amr_lgf_Test2D
[100%] Built target ns_amr_lgf_Test
==> Running test 'ns_amr_lgf2D'
    Host:     r064.ib.bridges2.psc.edu
    Run dir:  /ocean/projects/mch250004p/mchoi10/IBLGF-AMR/runs/ns_amr_lgf2D/2026-07-29_18-08-12
    Exe:      /ocean/projects/mch250004p/mchoi10/IBLGF-AMR/build-remote/tests/ns_amr_lgf2D/ns_amr_lgf2D.x
    Config:   config_re400.cfg
    MPI:      32 (mpiexec)
    Logs:     stdout.log / stderr.log
==> Done. Outputs are in: /ocean/projects/mch250004p/mchoi10/IBLGF-AMR/runs/ns_amr_lgf2D/2026-07-29_18-08-12
