==> Loading dependency environment: /ocean/projects/mch250004p/mchoi10/iblgf-lib/setup_iblgf.sh
==> Building remote tree (-j 128)
[  0%] Built target copy_files
[  0%] Built target copy_ifherk_files2D
[  0%] Built target copy_ifherk_files
[  2%] Built target gtest
[  4%] Built target iblgf_test_main
[  9%] Built target triple_decomposition.x
[ 14%] Built target svt
[ 19%] Built target block_descriptor
[ 23%] Built target server_client
[ 75%] Built target convFFTTest
[ 81%] Built target ns_amr_lgf_Test
[ 75%] Built target datafields
[ 82%] Built target convSingleBlockTest
[ 82%] Built target operators
[ 82%] Built target ns_amr_lgf.x
[ 88%] Built target tree
[ 88%] Built target poisson_Test
[ 88%] Built target poisson.x
[ 89%] Built target convTest.x
[ 91%] Built target ffmTest
[ 96%] Built target ns_amr_lgf2D.x
[ 98%] Built target poisson2D.x
[100%] Built target view
[100%] Built target ns_amr_lgf_Test2D
==> Running test 'ns_amr_lgf2D'
    Host:     r064.ib.bridges2.psc.edu
    Run dir:  /ocean/projects/mch250004p/mchoi10/IBLGF-AMR/runs/ns_amr_lgf2D/2026-07-29_17-43-10
    Exe:      /ocean/projects/mch250004p/mchoi10/IBLGF-AMR/build-remote/tests/ns_amr_lgf2D/ns_amr_lgf2D.x
    Config:   config_re200.cfg
    MPI:      32 (mpiexec)
    Logs:     stdout.log / stderr.log
==> Done. Outputs are in: /ocean/projects/mch250004p/mchoi10/IBLGF-AMR/runs/ns_amr_lgf2D/2026-07-29_17-43-10
