==> Loading dependency environment: /ocean/projects/mch250004p/mchoi10/iblgf-lib/setup_iblgf.sh
==> Building remote tree (-j 128)
[  2%] Built target gtest
[  2%] Built target copy_ifherk_files
[  4%] Built target copy_files
[  7%] Built target triple_decomposition.x
[  7%] Built target copy_ifherk_files2D
[  9%] Built target iblgf_test_main
[ 14%] Built target convTest.x
[ 19%] Built target block_descriptor
[ 39%] Built target poisson.x
[ 40%] Built target ns_amr_lgf.x
[ 47%] Built target ns_amr_lgf2D.x
[ 47%] Built target svt
[ 47%] Built target server_client
[ 48%] Built target poisson2D.x
[ 54%] Built target view
[ 58%] Built target datafields
[ 63%] Built target tree
[ 71%] Built target convSingleBlockTest
[ 85%] Built target convFFTTest
[ 91%] Built target operators
[ 91%] Built target ns_amr_lgf_Test
[ 98%] Built target ffmTest
[100%] Built target ns_amr_lgf_Test2D
[100%] Built target poisson_Test
==> Running test 'ns_amr_lgf2D'
    Host:     r064.ib.bridges2.psc.edu
    Run dir:  /ocean/projects/mch250004p/mchoi10/IBLGF-AMR/runs/ns_amr_lgf2D/2026-07-29_18-33-39
    Exe:      /ocean/projects/mch250004p/mchoi10/IBLGF-AMR/build-remote/tests/ns_amr_lgf2D/ns_amr_lgf2D.x
    Config:   config_re600.cfg
    MPI:      32 (mpiexec)
    Logs:     stdout.log / stderr.log
==> Done. Outputs are in: /ocean/projects/mch250004p/mchoi10/IBLGF-AMR/runs/ns_amr_lgf2D/2026-07-29_18-33-39
