==> Loading dependency environment: /ocean/projects/mch250004p/mchoi10/iblgf-lib/setup_iblgf.sh
==> Building remote tree (-j 128)
[  2%] Built target gtest
[  2%] Built target copy_ifherk_files
[  3%] Built target copy_files
[  6%] Built target copy_ifherk_files2D
[  7%] Built target triple_decomposition.x
[  9%] Built target iblgf_test_main
[ 14%] Built target convTest.x
[ 23%] Built target block_descriptor
[ 25%] Built target poisson.x
[ 30%] Built target ns_amr_lgf.x
[ 38%] Built target poisson2D.x
[ 45%] Built target ns_amr_lgf2D.x
[ 48%] Built target server_client
[ 48%] Built target svt
[ 54%] Built target view
[ 58%] Built target datafields
[ 63%] Built target tree
[ 77%] Built target poisson_Test
[ 79%] Built target convSingleBlockTest
[ 79%] Built target convFFTTest
[ 85%] Built target operators
[ 96%] Built target ns_amr_lgf_Test2D
[100%] Built target ns_amr_lgf_Test
[100%] Built target ffmTest
==> Running test 'ns_amr_lgf2D'
    Host:     r064.ib.bridges2.psc.edu
    Run dir:  /ocean/projects/mch250004p/mchoi10/IBLGF-AMR/runs/ns_amr_lgf2D/2026-07-29_19-23-50
    Exe:      /ocean/projects/mch250004p/mchoi10/IBLGF-AMR/build-remote/tests/ns_amr_lgf2D/ns_amr_lgf2D.x
    Config:   config_re1000.cfg
    MPI:      32 (mpiexec)
    Logs:     stdout.log / stderr.log
==> Done. Outputs are in: /ocean/projects/mch250004p/mchoi10/IBLGF-AMR/runs/ns_amr_lgf2D/2026-07-29_19-23-50
