==> Loading dependency environment: /ocean/projects/mch250004p/mchoi10/iblgf-lib/setup_iblgf.sh
==> Building remote tree (-j 128)
[  2%] Built target gtest
[  2%] Built target copy_files
[  2%] Built target copy_ifherk_files
[  4%] Built target copy_ifherk_files2D
[  7%] Built target triple_decomposition.x
[  9%] Built target iblgf_test_main
[ 27%] Built target poisson.x
[ 27%] Built target block_descriptor
[ 31%] Built target ns_amr_lgf.x
[ 34%] Built target ns_amr_lgf2D.x
[ 44%] Built target convTest.x
[ 44%] Built target poisson2D.x
[ 44%] Built target svt
[ 48%] Built target server_client
[ 54%] Built target view
[ 62%] Built target datafields
[ 63%] Built target tree
[ 71%] Built target convFFTTest
[ 77%] Built target poisson_Test
[ 79%] Built target operators
[ 94%] Built target ffmTest
[ 96%] Built target ns_amr_lgf_Test
[ 96%] Built target convSingleBlockTest
[100%] Built target ns_amr_lgf_Test2D
==> Running test 'ns_amr_lgf2D'
    Host:     r064.ib.bridges2.psc.edu
    Run dir:  /ocean/projects/mch250004p/mchoi10/IBLGF-AMR/runs/ns_amr_lgf2D/2026-07-29_19-49-17
    Exe:      /ocean/projects/mch250004p/mchoi10/IBLGF-AMR/build-remote/tests/ns_amr_lgf2D/ns_amr_lgf2D.x
    Config:   config_re1200.cfg
    MPI:      32 (mpiexec)
    Logs:     stdout.log / stderr.log
