==> Loading dependency environment: /ocean/projects/mch250004p/mchoi10/iblgf-lib/setup_iblgf.sh
==> Building remote tree (-j 128)
[  2%] Built target gtest
[  2%] Built target copy_ifherk_files
[  2%] Built target copy_files
[  2%] Built target copy_ifherk_files2D
[  7%] Built target triple_decomposition.x
[  9%] Built target iblgf_test_main
[ 15%] Built target convTest.x
[ 21%] Built target block_descriptor
[ 39%] Built target ns_amr_lgf.x
[ 40%] Built target poisson.x
[ 41%] Built target ns_amr_lgf2D.x
[ 41%] Built target svt
[ 46%] Built target poisson2D.x
[ 48%] Built target server_client
[ 54%] Built target view
[ 60%] Built target datafields
[ 63%] Built target tree
[ 73%] Built target convSingleBlockTest
[ 76%] Built target convFFTTest
[ 90%] Built target operators
[ 94%] Built target ns_amr_lgf_Test
[ 96%] Built target ffmTest
[ 97%] Built target ns_amr_lgf_Test2D
[100%] Built target poisson_Test
==> Running test 'ns_amr_lgf2D'
    Host:     r064.ib.bridges2.psc.edu
    Run dir:  /ocean/projects/mch250004p/mchoi10/IBLGF-AMR/runs/ns_amr_lgf2D/2026-07-29_18-58-45
    Exe:      /ocean/projects/mch250004p/mchoi10/IBLGF-AMR/build-remote/tests/ns_amr_lgf2D/ns_amr_lgf2D.x
    Config:   config_re800.cfg
    MPI:      32 (mpiexec)
    Logs:     stdout.log / stderr.log
==> Done. Outputs are in: /ocean/projects/mch250004p/mchoi10/IBLGF-AMR/runs/ns_amr_lgf2D/2026-07-29_18-58-45
