==> Loading dependency environment: /ocean/projects/mch250004p/mchoi10/iblgf-lib/setup_iblgf.sh
==> Building remote tree (-j 128)
[  0%] Built target copy_ifherk_files
[  2%] Built target gtest
[  2%] Built target copy_files
[  2%] Built target copy_ifherk_files2D
[  7%] Built target triple_decomposition.x
[  9%] Built target iblgf_test_main
[ 13%] Built target block_descriptor
[ 19%] Built target svt
[ 23%] Built target server_client
[ 36%] Built target view
[ 44%] Built target convSingleBlockTest
[ 77%] Built target poisson.x
[ 77%] Built target ns_amr_lgf.x
[ 82%] Built target ns_amr_lgf_Test2D
[ 82%] Built target ns_amr_lgf2D.x
[ 89%] Built target operators
[ 89%] Built target ns_amr_lgf_Test
[ 90%] Built target datafields
[ 90%] Built target poisson_Test
[ 91%] Built target tree
[ 92%] Built target convFFTTest
[ 93%] Built target convTest.x
[ 97%] Built target poisson2D.x
[100%] Built target ffmTest
==> Running test 'ns_amr_lgf'
    Host:     r214.ib.bridges2.psc.edu
    Run dir:  /ocean/projects/mch250004p/mchoi10/IBLGF-AMR/runs/ns_amr_lgf/2026-07-23_16-32-57
    Exe:      /ocean/projects/mch250004p/mchoi10/IBLGF-AMR/build-remote/tests/ns_amr_lgf/ns_amr_lgf.x
    Config:   config_tau7p0.cfg
    MPI:      32 (mpiexec)
    Logs:     stdout.log / stderr.log
==> Done. Outputs are in: /ocean/projects/mch250004p/mchoi10/IBLGF-AMR/runs/ns_amr_lgf/2026-07-23_16-32-57
