==> Loading dependency environment: /ocean/projects/mch250004p/mchoi10/iblgf-lib/setup_iblgf.sh
==> Building remote tree (-j 128)
[  0%] Built target copy_files
[  0%] Built target copy_ifherk_files
[  0%] Built target copy_ifherk_files2D
[  2%] Built target gtest
[  7%] Built target triple_decomposition.x
[  9%] Built target iblgf_test_main
[ 14%] Built target svt
[ 19%] Built target block_descriptor
[ 23%] Built target server_client
[ 37%] Built target convTest.x
[ 44%] Built target datafields
[ 45%] Built target tree
[ 45%] Built target convSingleBlockTest
[ 62%] Built target operators
[ 62%] Built target ns_amr_lgf_Test
[ 68%] Built target ns_amr_lgf_Test2D
[ 69%] Built target poisson_Test
[ 72%] Built target convFFTTest
[ 79%] Built target view
[ 85%] Built target poisson.x
[ 87%] Built target poisson2D.x
[ 90%] Built target ffmTest
[ 94%] Built target ns_amr_lgf.x
[100%] Built target ns_amr_lgf2D.x
==> Running test 'ns_amr_lgf'
    Host:     r214.ib.bridges2.psc.edu
    Run dir:  /ocean/projects/mch250004p/mchoi10/IBLGF-AMR/runs/ns_amr_lgf/2026-07-23_02-16-50
    Exe:      /ocean/projects/mch250004p/mchoi10/IBLGF-AMR/build-remote/tests/ns_amr_lgf/ns_amr_lgf.x
    Config:   config_tau5p0.cfg
    MPI:      32 (mpiexec)
    Logs:     stdout.log / stderr.log
==> Done. Outputs are in: /ocean/projects/mch250004p/mchoi10/IBLGF-AMR/runs/ns_amr_lgf/2026-07-23_02-16-50
