==> Loading dependency environment: /ocean/projects/mch250004p/mchoi10/iblgf-lib/setup_iblgf.sh
==> Building remote tree (-j 128)
[  0%] Built target copy_files
[  0%] Built target copy_ifherk_files
[  0%] Built target copy_ifherk_files2D
[  2%] Built target gtest
[  7%] Built target triple_decomposition.x
[  9%] Built target iblgf_test_main
[ 14%] Built target svt
[ 19%] Built target block_descriptor
[ 23%] Built target server_client
[ 39%] Built target convTest.x
[ 40%] Built target datafields
[ 41%] Built target convSingleBlockTest
[ 45%] Built target view
[ 51%] Built target convFFTTest
[ 61%] Built target operators
[ 64%] Built target poisson_Test
[ 68%] Built target ffmTest
[ 69%] Built target ns_amr_lgf_Test
[ 74%] Built target ns_amr_lgf2D.x
[ 89%] Built target tree
[ 89%] Built target poisson.x
[ 93%] Built target ns_amr_lgf_Test2D
[ 95%] Built target poisson2D.x
[100%] Built target ns_amr_lgf.x
==> Running test 'ns_amr_lgf'
    Host:     r465.ib.bridges2.psc.edu
    Run dir:  /ocean/projects/mch250004p/mchoi10/IBLGF-AMR/runs/ns_amr_lgf/2026-07-25_02-32-33
    Exe:      /ocean/projects/mch250004p/mchoi10/IBLGF-AMR/build-remote/tests/ns_amr_lgf/ns_amr_lgf.x
    Config:   config_tau2p0.cfg
    MPI:      32 (mpiexec)
    Logs:     stdout.log / stderr.log
==> Done. Outputs are in: /ocean/projects/mch250004p/mchoi10/IBLGF-AMR/runs/ns_amr_lgf/2026-07-25_02-32-33
