==> Loading dependency environment: /ocean/projects/mch250004p/mchoi10/iblgf-lib/setup_iblgf.sh
==> Building remote tree (-j 128)
[  0%] Built target copy_ifherk_files
[  0%] Built target copy_files
[  0%] Built target copy_ifherk_files2D
[  2%] Built target gtest
[  7%] Built target triple_decomposition.x
[  9%] Built target iblgf_test_main
[ 13%] Built target block_descriptor
[ 19%] Built target svt
[ 23%] Built target server_client
[ 45%] Built target convTest.x
[ 48%] Built target view
[ 48%] Built target tree
[ 54%] Built target convFFTTest
[ 54%] Built target datafields
[ 54%] Built target convSingleBlockTest
[ 85%] Built target poisson.x
[ 89%] Built target poisson2D.x
[ 89%] Built target ns_amr_lgf2D.x
[ 94%] Built target ns_amr_lgf.x
[ 97%] Built target poisson_Test
[ 97%] Built target operators
[ 97%] Built target ns_amr_lgf_Test
[ 98%] Built target ns_amr_lgf_Test2D
[100%] Built target ffmTest
==> Running test 'ns_amr_lgf'
    Host:     r450.ib.bridges2.psc.edu
    Run dir:  /ocean/projects/mch250004p/mchoi10/IBLGF-AMR/runs/ns_amr_lgf/2026-07-28_17-45-16
    Exe:      /ocean/projects/mch250004p/mchoi10/IBLGF-AMR/build-remote/tests/ns_amr_lgf/ns_amr_lgf.x
    Config:   config_freq0p1.cfg
    MPI:      32 (mpiexec)
    Logs:     stdout.log / stderr.log
