==> Loading dependency environment: /ocean/projects/mch250004p/mchoi10/iblgf-lib/setup_iblgf.sh
==> Building remote tree (-j 128)
[  0%] Built target copy_ifherk_files
[  0%] Built target copy_ifherk_files2D
[  0%] Built target copy_files
[  2%] Built target gtest
[  7%] Built target triple_decomposition.x
[  9%] Built target iblgf_test_main
[ 18%] Built target svt
[ 22%] Built target block_descriptor
[ 23%] Built target server_client
[ 36%] Built target convTest.x
[ 43%] Built target datafields
[ 48%] Built target view
[ 67%] Built target tree
[ 70%] Built target ns_amr_lgf2D.x
[ 76%] Built target poisson.x
[ 78%] Built target convSingleBlockTest
[ 88%] Built target ns_amr_lgf_Test
[ 88%] Built target ns_amr_lgf.x
[ 89%] Built target poisson2D.x
[ 96%] Built target operators
[ 96%] Built target convFFTTest
[ 98%] Built target poisson_Test
[ 98%] Built target ffmTest
[100%] Built target ns_amr_lgf_Test2D
==> Running test 'ns_amr_lgf'
    Host:     r465.ib.bridges2.psc.edu
    Run dir:  /ocean/projects/mch250004p/mchoi10/IBLGF-AMR/runs/ns_amr_lgf/2026-07-25_15-55-34
    Exe:      /ocean/projects/mch250004p/mchoi10/IBLGF-AMR/build-remote/tests/ns_amr_lgf/ns_amr_lgf.x
    Config:   config_tau2p4.cfg
    MPI:      32 (mpiexec)
    Logs:     stdout.log / stderr.log
==> Done. Outputs are in: /ocean/projects/mch250004p/mchoi10/IBLGF-AMR/runs/ns_amr_lgf/2026-07-25_15-55-34
