==> Loading dependency environment: /ocean/projects/mch250004p/mchoi10/iblgf-lib/setup_iblgf.sh
==> Building remote tree (-j 128)
[  0%] Built target copy_files
[  0%] Built target copy_ifherk_files2D
[  2%] Built target gtest
[  7%] Built target triple_decomposition.x
[  9%] Built target iblgf_test_main
[  9%] Built target copy_ifherk_files
[ 14%] Built target svt
[ 19%] Built target server_client
[ 23%] Built target block_descriptor
[ 42%] Built target convTest.x
[ 46%] Built target convSingleBlockTest
[ 46%] Built target view
[ 62%] Built target ns_amr_lgf_Test2D
[ 62%] Built target poisson_Test
[ 64%] Built target datafields
[ 67%] Built target ns_amr_lgf_Test
[ 71%] Built target operators
[ 85%] Built target poisson.x
[ 87%] Built target ns_amr_lgf2D.x
[ 90%] Built target ffmTest
[ 93%] Built target ns_amr_lgf.x
[ 93%] Built target poisson2D.x
[ 98%] Built target tree
[100%] Built target convFFTTest
==> Running test 'ns_amr_lgf'
    Host:     r221.ib.bridges2.psc.edu
    Run dir:  /ocean/projects/mch250004p/mchoi10/IBLGF-AMR/runs/ns_amr_lgf/2026-07-24_18-31-45
    Exe:      /ocean/projects/mch250004p/mchoi10/IBLGF-AMR/build-remote/tests/ns_amr_lgf/ns_amr_lgf.x
    Config:   config_tau1p4.cfg
    MPI:      32 (mpiexec)
    Logs:     stdout.log / stderr.log
