==> Loading dependency environment: /ocean/projects/mch250004p/mchoi10/iblgf-lib/setup_iblgf.sh
==> Building remote tree (-j 128)
[  0%] Built target copy_files
[  0%] Built target copy_ifherk_files
[  0%] Built target copy_ifherk_files2D
[  2%] Built target gtest
[  7%] Built target triple_decomposition.x
[  9%] Built target iblgf_test_main
[ 13%] Built target block_descriptor
[ 19%] Built target svt
[ 23%] Built target server_client
[ 39%] Built target datafields
[ 45%] Built target convTest.x
[ 46%] Built target view
[ 54%] Built target tree
[ 54%] Built target convSingleBlockTest
[ 54%] Built target convFFTTest
[ 80%] Built target poisson_Test
[ 90%] Built target ns_amr_lgf.x
[ 90%] Built target poisson2D.x
[ 92%] Built target ns_amr_lgf2D.x
[ 92%] Built target poisson.x
[ 96%] Built target operators
[100%] Built target ffmTest
[100%] Built target ns_amr_lgf_Test
[100%] Built target ns_amr_lgf_Test2D
==> Running test 'ns_amr_lgf'
    Host:     r214.ib.bridges2.psc.edu
    Run dir:  /ocean/projects/mch250004p/mchoi10/IBLGF-AMR/runs/ns_amr_lgf/2026-07-22_14-46-10
    Exe:      /ocean/projects/mch250004p/mchoi10/IBLGF-AMR/build-remote/tests/ns_amr_lgf/ns_amr_lgf.x
    Config:   config_tau1p0.cfg
    MPI:      32 (mpiexec)
    Logs:     stdout.log / stderr.log
==> Done. Outputs are in: /ocean/projects/mch250004p/mchoi10/IBLGF-AMR/runs/ns_amr_lgf/2026-07-22_14-46-10
