==> Loading dependency environment: /ocean/projects/mch250004p/mchoi10/iblgf-lib/setup_iblgf.sh
==> Building remote tree (-j 128)
[  0%] Built target copy_files
[  0%] Built target copy_ifherk_files2D
[  0%] Built target copy_ifherk_files
[  2%] Built target gtest
[  7%] Built target triple_decomposition.x
[  9%] Built target iblgf_test_main
[ 13%] Built target server_client
[ 19%] Built target svt
[ 23%] Built target block_descriptor
[ 39%] Built target datafields
[ 43%] Built target convFFTTest
[ 43%] Built target convTest.x
[ 43%] Built target convSingleBlockTest
[ 60%] Built target ns_amr_lgf_Test
[ 61%] Built target operators
[ 68%] Built target poisson_Test
[ 74%] Built target tree
[ 76%] Built target ns_amr_lgf2D.x
[ 79%] Built target view
[ 82%] Built target ns_amr_lgf.x
[ 91%] Built target ns_amr_lgf_Test2D
[ 93%] Built target poisson.x
[ 98%] Built target ffmTest
[100%] Built target poisson2D.x
==> Running test 'ns_amr_lgf'
    Host:     r214.ib.bridges2.psc.edu
    Run dir:  /ocean/projects/mch250004p/mchoi10/IBLGF-AMR/runs/ns_amr_lgf/2026-07-24_06-34-54
    Exe:      /ocean/projects/mch250004p/mchoi10/IBLGF-AMR/build-remote/tests/ns_amr_lgf/ns_amr_lgf.x
    Config:   config_tau11p0.cfg
    MPI:      32 (mpiexec)
    Logs:     stdout.log / stderr.log
