==> Loading dependency environment: /ocean/projects/mch250004p/mchoi10/iblgf-lib/setup_iblgf.sh
==> Building remote tree (-j 128)
[  0%] Built target copy_files
[  2%] Built target gtest
[  2%] Built target copy_ifherk_files
[  2%] Built target copy_ifherk_files2D
[  4%] Built target iblgf_test_main
[  8%] Built target server_client
[ 12%] Built target block_descriptor
[ 18%] Built target svt
[ 23%] Built target triple_decomposition.x
[ 43%] Built target convSingleBlockTest
[ 44%] Built target convFFTTest
[ 44%] Built target view
[ 58%] Built target ns_amr_lgf2D.x
[ 75%] Built target datafields
[ 81%] Built target poisson2D.x
[ 81%] Built target ffmTest
[ 82%] Built target poisson.x
[ 86%] Built target tree
[ 89%] Built target poisson_Test
[ 90%] Built target ns_amr_lgf_Test2D
[ 95%] Built target operators
[  2%] Built target ns_amr_lgf.x
[  7%] Built target ns_amr_lgf_Test
[  7%] Built target convTest.x
==> Running test 'ns_amr_lgf2D'
    Host:     r355.ib.bridges2.psc.edu
    Run dir:  /ocean/projects/mch250004p/mchoi10/IBLGF-AMR/runs/ns_amr_lgf2D/2026-07-22_19-29-09
    Exe:      /ocean/projects/mch250004p/mchoi10/IBLGF-AMR/build-remote/tests/ns_amr_lgf2D/ns_amr_lgf2D.x
    Config:   config_freq0p0333.cfg
    MPI:      32 (srun)
    Logs:     stdout.log / stderr.log
==> Done. Outputs are in: /ocean/projects/mch250004p/mchoi10/IBLGF-AMR/runs/ns_amr_lgf2D/2026-07-22_19-29-09
