==> Loading dependency environment: /ocean/projects/mch250004p/mchoi10/iblgf-lib/setup_iblgf.sh
==> Building remote tree (-j 32)
[  0%] Built target copy_files
[  2%] Built target gtest
[  7%] Built target triple_decomposition.x
[  9%] Built target iblgf_test_main
[ 14%] Built target convTest.x
[ 19%] Built target block_descriptor
[ 38%] Built target poisson2D.x
[ 38%] Built target ns_amr_lgf.x
[ 39%] Built target ns_amr_lgf2D.x
[ 39%] Built target poisson.x
[ 43%] Built target server_client
[ 47%] Built target operators
[ 53%] Built target svt
[ 58%] Built target poisson_Test
[ 58%] Built target copy_ifherk_files2D
[ 67%] Built target convFFTTest
[ 71%] Built target datafields
[ 77%] Built target convSingleBlockTest
[ 78%] Built target view
[ 84%] Built target tree
[ 89%] Built target ffmTest
[ 94%] Built target ns_amr_lgf_Test2D
[ 94%] Built target copy_ifherk_files
[100%] Built target ns_amr_lgf_Test
==> Running test 'ns_amr_lgf2D'
    Host:     r069.ib.bridges2.psc.edu
    Run dir:  /ocean/projects/mch250004p/mchoi10/IBLGF-AMR/runs/ns_amr_lgf2D/2026-07-16_15-06-08
    Exe:      /ocean/projects/mch250004p/mchoi10/IBLGF-AMR/build-remote/tests/ns_amr_lgf2D/ns_amr_lgf2D.x
    Config:   config_tau150p0.cfg
    MPI:      32 (mpiexec)
    Logs:     stdout.log / stderr.log
==> Done. Outputs are in: /ocean/projects/mch250004p/mchoi10/IBLGF-AMR/runs/ns_amr_lgf2D/2026-07-16_15-06-08
