==> Loading dependency environment: /ocean/projects/mch250004p/mchoi10/iblgf-lib/setup_iblgf.sh
==> Building remote tree (-j 128)
[  0%] Built target copy_ifherk_files2D
[  0%] Built target copy_ifherk_files
[  2%] Built target gtest
[  2%] Built target copy_files
[  7%] Built target triple_decomposition.x
[  9%] Built target iblgf_test_main
[ 14%] Built target svt
[ 32%] Built target convTest.x
[ 34%] Built target view
[ 36%] Built target convFFTTest
[ 36%] Built target convSingleBlockTest
[ 65%] Built target poisson.x
[ 65%] Built target ns_amr_lgf.x
[ 77%] Built target ns_amr_lgf_Test
[ 79%] Built target ns_amr_lgf2D.x
[ 79%] Built target poisson2D.x
[ 79%] Built target operators
[ 80%] Built target poisson_Test
[ 81%] Built target ns_amr_lgf_Test2D
[ 81%] Built target tree
[ 86%] Built target block_descriptor
[ 90%] Built target datafields
[ 95%] Built target ffmTest
[100%] Built target server_client
==> Running test 'ns_amr_lgf2D'
    Host:     r338.ib.bridges2.psc.edu
    Run dir:  /ocean/projects/mch250004p/mchoi10/IBLGF-AMR/runs/ns_amr_lgf2D/2026-07-29_14-20-56
    Exe:      /ocean/projects/mch250004p/mchoi10/IBLGF-AMR/build-remote/tests/ns_amr_lgf2D/ns_amr_lgf2D.x
    Config:   config_tau1p0_res0p125.cfg
    MPI:      32 (mpiexec)
    Logs:     stdout.log / stderr.log
