==> Building (-j 14)
[  1%] Building CXX object tests/ns_amr_lgf2D/CMakeFiles/ns_amr_lgf2D.x.dir/ns_amr_lgf.cpp.o
[  2%] Building CXX object tests/poisson/CMakeFiles/poisson.x.dir/poisson.cpp.o
[  3%] Building CXX object tests/Poisson2D/CMakeFiles/poisson2D.x.dir/poisson2D.cpp.o
[  4%] Building CXX object tests/ns_amr_lgf/CMakeFiles/ns_amr_lgf.x.dir/ns_amr_lgf.cpp.o
[  9%] Built target triple_decomposition.x
[ 11%] Built target copy_ifherk_files
[ 11%] Built target gtest
[ 17%] Built target convTest.x
[ 17%] Built target copy_ifherk_files2D
[ 17%] Built target copy_files
[ 19%] Built target iblgf_test_main
[ 20%] Building CXX object tests/ns_amr_lgf/CMakeFiles/ns_amr_lgf_Test.dir/ns_amr_lgf_Test.cpp.o
[ 24%] Built target server_client
[ 29%] Built target tree
[ 34%] Built target datafields
[ 36%] Building CXX object tests/operators/CMakeFiles/operators.dir/operators.cpp.o
[ 39%] Built target block_descriptor
[ 48%] Built target convFFTTest
[ 50%] Built target view
[ 51%] Building CXX object tests/poisson/CMakeFiles/poisson_Test.dir/poisson_Test.cpp.o
[ 52%] Building CXX object tests/ns_amr_lgf2D/CMakeFiles/ns_amr_lgf_Test2D.dir/ns_amr_lgf_Test2D.cpp.o
[ 57%] Built target svt
[ 62%] Built target convSingleBlockTest
[ 63%] Building CXX object tests/conv_test/CMakeFiles/ffmTest.dir/ffmTest.cpp.o
[ 64%] Linking CXX executable ffmTest
[ 68%] Built target ffmTest
[ 69%] Linking CXX executable poisson2D.x
[ 72%] Built target poisson2D.x
[ 73%] Linking CXX executable operators
[ 74%] Linking CXX executable poisson.x
[ 77%] Built target poisson.x
[ 79%] Built target operators
[ 80%] Linking CXX executable poisson_Test
[ 84%] Built target poisson_Test
[ 85%] Linking CXX executable ns_amr_lgf.x
[ 87%] Built target ns_amr_lgf.x
[ 88%] Linking CXX executable ns_amr_lgf_Test
[ 89%] Linking CXX executable ns_amr_lgf2D.x
[ 92%] Built target ns_amr_lgf_Test
[ 95%] Built target ns_amr_lgf2D.x
[ 96%] Linking CXX executable ns_amr_lgf_Test2D
[100%] Built target ns_amr_lgf_Test2D
==> Running test 'ns_amr_lgf2D'
    Run dir:  /workspace2/IBLGF-AMR/runs/ns_amr_lgf2D/2026-07-13_12-05-51
    Exe:      /workspace2/IBLGF-AMR/build/tests/ns_amr_lgf2D/ns_amr_lgf2D.x
    Config:   config_freq0p15.cfg
    MPI:      12
    Logs:     stdout.log / stderr.log
    Expect:   output files created inside the run dir.
