==> Building (-j 14)
[  2%] Built target gtest
[  7%] Built target triple_decomposition.x
[ 11%] Built target ns_amr_lgf.x
[ 17%] Built target poisson.x
[ 17%] Built target copy_ifherk_files
[ 17%] Built target copy_ifherk_files2D
[ 19%] Built target copy_files
[ 25%] Built target convTest.x
[ 27%] Built target ns_amr_lgf2D.x
[ 32%] Built target poisson2D.x
[ 35%] Built target iblgf_test_main
[ 40%] Built target poisson_Test
[ 44%] Built target block_descriptor
[ 48%] Built target operators
[ 54%] Built target convSingleBlockTest
[ 59%] Built target convFFTTest
[ 63%] Built target datafields
[ 69%] Built target ns_amr_lgf_Test2D
[ 73%] Built target server_client
[ 90%] Built target tree
[ 90%] Built target ns_amr_lgf_Test
[ 90%] Built target svt
[ 97%] Built target view
[100%] Built target ffmTest
==> Running test 'ns_amr_lgf2D'
    Run dir:  /workspace2/IBLGF-AMR/runs/ns_amr_lgf2D/2026-07-15_18-25-14
    Exe:      /workspace2/IBLGF-AMR/build/tests/ns_amr_lgf2D/ns_amr_lgf2D.x
    Config:   config_tau6p5.cfg
    MPI:      10
    Logs:     stdout.log / stderr.log
    Expect:   output files created inside the run dir.
==> Done.
    Outputs are in: /workspace2/IBLGF-AMR/runs/ns_amr_lgf2D/2026-07-15_18-25-14
