==> Loading dependency environment: /ocean/projects/mch250004p/mchoi10/iblgf-lib/setup_iblgf.sh
==> Building remote tree (-j 128)
[  2%] Built target gtest
[  2%] Built target copy_files
[  5%] Built target copy_ifherk_files2D
[  7%] Built target triple_decomposition.x
[  8%] Built target copy_ifherk_files
[  9%] Built target iblgf_test_main
[ 14%] Built target convTest.x
[ 24%] Built target ns_amr_lgf.x
[ 24%] Built target poisson.x
[ 32%] Built target ns_amr_lgf2D.x
[ 37%] Built target block_descriptor
[ 39%] Built target poisson2D.x
[ 44%] Built target svt
[ 48%] Built target server_client
[ 54%] Built target view
[ 58%] Built target datafields
[ 63%] Built target tree
[ 69%] Built target convSingleBlockTest
[ 78%] Built target convFFTTest
[ 79%] Built target operators
[ 93%] Built target ns_amr_lgf_Test2D
[ 95%] Built target ns_amr_lgf_Test
[ 95%] Built target ffmTest
[100%] Built target poisson_Test
==> Running test 'ns_amr_lgf2D'
    Host:     r407.ib.bridges2.psc.edu
    Run dir:  /ocean/projects/mch250004p/mchoi10/IBLGF-AMR/runs/ns_amr_lgf2D/2026-07-28_13-12-54
    Exe:      /ocean/projects/mch250004p/mchoi10/IBLGF-AMR/build-remote/tests/ns_amr_lgf2D/ns_amr_lgf2D.x
    Config:   config_freq0p1.cfg
    MPI:      32 (mpiexec)
    Logs:     stdout.log / stderr.log
