==> Loading dependency environment: /ocean/projects/mch250004p/mchoi10/iblgf-lib/setup_iblgf.sh
==> Building remote tree (-j 128)
[  0%] Built target copy_ifherk_files2D
[  0%] Built target copy_ifherk_files
[  0%] Built target copy_files
[  2%] Built target gtest
[  7%] Built target triple_decomposition.x
[  9%] Built target iblgf_test_main
[ 14%] Built target svt
[ 19%] Built target server_client
[ 23%] Built target block_descriptor
[ 48%] Built target datafields
[ 48%] Built target view
[ 48%] Built target convSingleBlockTest
[ 50%] Built target convTest.x
[ 54%] Built target convFFTTest
[ 54%] Built target tree
[ 82%] Built target ns_amr_lgf.x
[ 96%] Built target ffmTest
[ 96%] Built target operators
[ 96%] Built target ns_amr_lgf_Test
[ 96%] Built target ns_amr_lgf2D.x
[ 96%] Built target ns_amr_lgf_Test2D
[ 97%] Built target poisson.x
[ 97%] Built target poisson_Test
[100%] Built target poisson2D.x
==> Running test 'ns_amr_lgf2D'
    Host:     r231.ib.bridges2.psc.edu
    Run dir:  /ocean/projects/mch250004p/mchoi10/IBLGF-AMR/runs/ns_amr_lgf2D/2026-07-23_19-50-55
    Exe:      /ocean/projects/mch250004p/mchoi10/IBLGF-AMR/build-remote/tests/ns_amr_lgf2D/ns_amr_lgf2D.x
    Config:   config_tau30p0.cfg
    MPI:      32 (mpiexec)
    Logs:     stdout.log / stderr.log
==> Done. Outputs are in: /ocean/projects/mch250004p/mchoi10/IBLGF-AMR/runs/ns_amr_lgf2D/2026-07-23_19-50-55
