==> Loading dependency environment: /ocean/projects/mch250004p/mchoi10/iblgf-lib/setup_iblgf.sh
==> Building remote tree (-j 128)
[  0%] Built target copy_files
[  0%] Built target copy_ifherk_files
[  0%] Built target copy_ifherk_files2D
[  2%] Built target gtest
[  7%] Built target triple_decomposition.x
[  9%] Built target iblgf_test_main
[ 13%] Built target block_descriptor
[ 19%] Built target svt
[ 23%] Built target server_client
[ 38%] Built target convSingleBlockTest
[ 44%] Built target datafields
[ 51%] Built target view
[ 57%] Built target convTest.x
[ 61%] Built target operators
[ 67%] Built target poisson_Test
[ 67%] Built target ns_amr_lgf_Test
[ 79%] Built target ns_amr_lgf_Test2D
[ 81%] Built target tree
[ 92%] Built target poisson2D.x
[ 92%] Built target ns_amr_lgf2D.x
[ 96%] Built target ns_amr_lgf.x
[100%] Built target ffmTest
[100%] Built target poisson.x
[100%] Built target convFFTTest
==> Running test 'ns_amr_lgf2D'
    Host:     r231.ib.bridges2.psc.edu
    Run dir:  /ocean/projects/mch250004p/mchoi10/IBLGF-AMR/runs/ns_amr_lgf2D/2026-07-23_21-09-03
    Exe:      /ocean/projects/mch250004p/mchoi10/IBLGF-AMR/build-remote/tests/ns_amr_lgf2D/ns_amr_lgf2D.x
    Config:   config_tau45p0.cfg
    MPI:      32 (mpiexec)
    Logs:     stdout.log / stderr.log
==> Done. Outputs are in: /ocean/projects/mch250004p/mchoi10/IBLGF-AMR/runs/ns_amr_lgf2D/2026-07-23_21-09-03
