==> Loading dependency environment: /ocean/projects/mch250004p/mchoi10/iblgf-lib/setup_iblgf.sh
==> Building remote tree (-j 128)
[  0%] Built target copy_files
[  0%] Built target copy_ifherk_files2D
[  0%] Built target copy_ifherk_files
[  2%] Built target gtest
[  4%] Built target iblgf_test_main
[  9%] Built target triple_decomposition.x
[ 14%] Built target svt
[ 19%] Built target block_descriptor
[ 23%] Built target server_client
[ 42%] Built target view
[ 43%] Built target datafields
[ 43%] Built target convTest.x
[ 60%] Built target poisson_Test
[ 63%] Built target ns_amr_lgf_Test
[ 70%] Built target convFFTTest
[ 73%] Built target operators
[ 81%] Built target poisson2D.x
[ 82%] Built target convSingleBlockTest
[ 85%] Built target ns_amr_lgf.x
[ 89%] Built target tree
[ 92%] Built target ns_amr_lgf2D.x
[ 97%] Built target ns_amr_lgf_Test2D
[100%] Built target ffmTest
[100%] Built target poisson.x
==> Running test 'ns_amr_lgf2D'
    Host:     r052.ib.bridges2.psc.edu
    Run dir:  /ocean/projects/mch250004p/mchoi10/IBLGF-AMR/runs/ns_amr_lgf2D/2026-07-28_22-38-49
    Exe:      /ocean/projects/mch250004p/mchoi10/IBLGF-AMR/build-remote/tests/ns_amr_lgf2D/ns_amr_lgf2D.x
    Config:   config_tau20p0_res0p125.cfg
    MPI:      32 (mpiexec)
    Logs:     stdout.log / stderr.log
==> Done. Outputs are in: /ocean/projects/mch250004p/mchoi10/IBLGF-AMR/runs/ns_amr_lgf2D/2026-07-28_22-38-49
