==> Loading dependency environment: /ocean/projects/mch250004p/mchoi10/iblgf-lib/setup_iblgf.sh
==> Building remote tree (-j 128)
[  2%] Built target gtest
[  2%] Built target copy_ifherk_files
[  3%] Built target copy_files
[  5%] Built target copy_ifherk_files2D
[  7%] Built target triple_decomposition.x
[  9%] Built target iblgf_test_main
[ 14%] Built target convTest.x
[ 24%] Built target poisson.x
[ 28%] Built target ns_amr_lgf.x
[ 35%] Built target block_descriptor
[ 44%] Built target ns_amr_lgf2D.x
[ 46%] Built target svt
[ 46%] Built target poisson2D.x
[ 48%] Built target server_client
[ 54%] Built target view
[ 60%] Built target datafields
[ 64%] Built target tree
[ 69%] Built target convSingleBlockTest
[ 81%] Built target convFFTTest
[ 84%] Built target poisson_Test
[ 87%] Built target ns_amr_lgf_Test
[ 96%] Built target operators
[ 96%] Built target ffmTest
[100%] Built target ns_amr_lgf_Test2D
==> Running test 'ns_amr_lgf2D'
    Host:     r052.ib.bridges2.psc.edu
    Run dir:  /ocean/projects/mch250004p/mchoi10/IBLGF-AMR/runs/ns_amr_lgf2D/2026-07-28_22-42-44
    Exe:      /ocean/projects/mch250004p/mchoi10/IBLGF-AMR/build-remote/tests/ns_amr_lgf2D/ns_amr_lgf2D.x
    Config:   config_tau20p0_res0p0625.cfg
    MPI:      32 (mpiexec)
    Logs:     stdout.log / stderr.log
==> Done. Outputs are in: /ocean/projects/mch250004p/mchoi10/IBLGF-AMR/runs/ns_amr_lgf2D/2026-07-28_22-42-44
