==> Loading dependency environment: /ocean/projects/mch250004p/mchoi10/iblgf-lib/setup_iblgf.sh
==> Building remote tree (-j 128)
[  2%] Built target gtest
[  2%] Built target copy_ifherk_files
[  3%] Built target copy_files
[  6%] Built target copy_ifherk_files2D
[  7%] Built target triple_decomposition.x
[  9%] Built target iblgf_test_main
[ 18%] Built target convTest.x
[ 22%] Built target block_descriptor
[ 25%] Built target poisson.x
[ 29%] Built target ns_amr_lgf.x
[ 40%] Built target poisson2D.x
[ 44%] Built target server_client
[ 45%] Built target ns_amr_lgf2D.x
[ 48%] Built target svt
[ 54%] Built target view
[ 61%] Built target tree
[ 63%] Built target datafields
[ 69%] Built target convSingleBlockTest
[ 75%] Built target convFFTTest
[ 79%] Built target poisson_Test
[ 88%] Built target operators
[ 97%] Built target ns_amr_lgf_Test
[100%] Built target ffmTest
[100%] Built target ns_amr_lgf_Test2D
==> Running test 'ns_amr_lgf2D'
    Host:     r052.ib.bridges2.psc.edu
    Run dir:  /ocean/projects/mch250004p/mchoi10/IBLGF-AMR/runs/ns_amr_lgf2D/2026-07-28_23-05-08
    Exe:      /ocean/projects/mch250004p/mchoi10/IBLGF-AMR/build-remote/tests/ns_amr_lgf2D/ns_amr_lgf2D.x
    Config:   config_tau20p0_res0p015625.cfg
    MPI:      32 (mpiexec)
    Logs:     stdout.log / stderr.log
==> Done. Outputs are in: /ocean/projects/mch250004p/mchoi10/IBLGF-AMR/runs/ns_amr_lgf2D/2026-07-28_23-05-08
