==> Loading dependency environment: /ocean/projects/mch250004p/mchoi10/iblgf-lib/setup_iblgf.sh
==> Building remote tree (-j 128)
[  2%] Built target gtest
[  2%] Built target copy_files
[  6%] Built target copy_ifherk_files2D
[  7%] Built target triple_decomposition.x
[  9%] Built target iblgf_test_main
[ 14%] Built target convTest.x
[ 29%] Built target block_descriptor
[ 31%] Built target poisson.x
[ 38%] Built target ns_amr_lgf.x
[ 39%] Built target poisson2D.x
[ 44%] Built target svt
[ 48%] Built target server_client
[ 48%] Built target ns_amr_lgf2D.x
[ 54%] Built target view
[ 62%] Built target tree
[ 71%] Built target datafields
[ 73%] Built target convSingleBlockTest
[ 74%] Built target convFFTTest
[ 85%] Built target poisson_Test
[ 86%] Built target operators
[ 94%] Built target ns_amr_lgf_Test2D
[ 94%] Built target ffmTest
[ 94%] Built target copy_ifherk_files
[100%] Built target ns_amr_lgf_Test
==> Running test 'ns_amr_lgf2D'
    Host:     r052.ib.bridges2.psc.edu
    Run dir:  /ocean/projects/mch250004p/mchoi10/IBLGF-AMR/runs/ns_amr_lgf2D/2026-07-28_22-50-07
    Exe:      /ocean/projects/mch250004p/mchoi10/IBLGF-AMR/build-remote/tests/ns_amr_lgf2D/ns_amr_lgf2D.x
    Config:   config_tau20p0_res0p03125.cfg
    MPI:      32 (mpiexec)
    Logs:     stdout.log / stderr.log
==> Done. Outputs are in: /ocean/projects/mch250004p/mchoi10/IBLGF-AMR/runs/ns_amr_lgf2D/2026-07-28_22-50-07
