==> Loading dependency environment: /ocean/projects/mch250004p/mchoi10/iblgf-lib/setup_iblgf.sh
==> Building remote tree (-j 128)
[  2%] Built target gtest
[  2%] Built target copy_ifherk_files
[  2%] Built target copy_files
[  3%] Built target copy_ifherk_files2D
[  7%] Built target triple_decomposition.x
[  9%] Built target iblgf_test_main
[ 14%] Built target convTest.x
[ 24%] Built target poisson.x
[ 24%] Built target block_descriptor
[ 37%] Built target svt
[ 40%] Built target ns_amr_lgf.x
[ 41%] Built target poisson2D.x
[ 46%] Built target server_client
[ 48%] Built target ns_amr_lgf2D.x
[ 54%] Built target view
[ 63%] Built target datafields
[ 63%] Built target tree
[ 72%] Built target convFFTTest
[ 74%] Built target convSingleBlockTest
[ 89%] Built target operators
[ 92%] Built target ns_amr_lgf_Test2D
[ 94%] Built target ffmTest
[ 95%] Built target ns_amr_lgf_Test
[100%] Built target poisson_Test
==> Running test 'ns_amr_lgf2D'
    Host:     r395.ib.bridges2.psc.edu
    Run dir:  /ocean/projects/mch250004p/mchoi10/IBLGF-AMR/runs/ns_amr_lgf2D/2026-07-30_15-50-59
    Exe:      /ocean/projects/mch250004p/mchoi10/IBLGF-AMR/build-remote/tests/ns_amr_lgf2D/ns_amr_lgf2D.x
    Config:   config_re600.cfg
    MPI:      32 (mpiexec)
    Logs:     stdout.log / stderr.log
==> Done. Outputs are in: /ocean/projects/mch250004p/mchoi10/IBLGF-AMR/runs/ns_amr_lgf2D/2026-07-30_15-50-59
