==> Loading dependency environment: /ocean/projects/mch250004p/mchoi10/iblgf-lib/setup_iblgf.sh
==> Building remote tree (-j 128)
[  2%] Built target gtest
[  2%] Built target copy_files
[  2%] Built target copy_ifherk_files
[  2%] Built target copy_ifherk_files2D
[  7%] Built target triple_decomposition.x
[  9%] Built target iblgf_test_main
[ 14%] Built target convTest.x
[ 21%] Built target block_descriptor
[ 26%] Built target poisson2D.x
[ 38%] Built target ns_amr_lgf.x
[ 39%] Built target poisson.x
[ 39%] Built target ns_amr_lgf2D.x
[ 44%] Built target svt
[ 48%] Built target server_client
[ 54%] Built target view
[ 58%] Built target datafields
[ 63%] Built target tree
[ 71%] Built target convSingleBlockTest
[ 75%] Built target convFFTTest
[ 78%] Built target operators
[ 96%] Built target ns_amr_lgf_Test2D
[ 98%] Built target poisson_Test
[ 98%] Built target ns_amr_lgf_Test
[100%] Built target ffmTest
==> Running test 'ns_amr_lgf2D'
    Host:     r395.ib.bridges2.psc.edu
    Run dir:  /ocean/projects/mch250004p/mchoi10/IBLGF-AMR/runs/ns_amr_lgf2D/2026-07-30_16-16-22
    Exe:      /ocean/projects/mch250004p/mchoi10/IBLGF-AMR/build-remote/tests/ns_amr_lgf2D/ns_amr_lgf2D.x
    Config:   config_re800.cfg
    MPI:      32 (mpiexec)
    Logs:     stdout.log / stderr.log
==> Done. Outputs are in: /ocean/projects/mch250004p/mchoi10/IBLGF-AMR/runs/ns_amr_lgf2D/2026-07-30_16-16-22
