==> Loading dependency environment: /ocean/projects/mch250004p/mchoi10/iblgf-lib/setup_iblgf.sh
==> Building remote tree (-j 128)
[  2%] Built target gtest
[  2%] Built target copy_files
[  4%] Built target copy_ifherk_files2D
[  7%] Built target triple_decomposition.x
[  9%] Built target iblgf_test_main
[ 19%] Built target block_descriptor
[ 22%] Built target poisson2D.x
[ 37%] Built target ns_amr_lgf.x
[ 38%] Built target poisson.x
[ 39%] Built target ns_amr_lgf2D.x
[ 41%] Built target svt
[ 45%] Built target server_client
[ 48%] Built target convTest.x
[ 54%] Built target view
[ 63%] Built target tree
[ 63%] Built target datafields
[ 74%] Built target convFFTTest
[ 74%] Built target convSingleBlockTest
[ 92%] Built target poisson_Test
[ 92%] Built target ns_amr_lgf_Test2D
[ 94%] Built target operators
[ 94%] Built target ffmTest
[ 94%] Built target copy_ifherk_files
[100%] Built target ns_amr_lgf_Test
==> Running test 'ns_amr_lgf2D'
    Host:     r395.ib.bridges2.psc.edu
    Run dir:  /ocean/projects/mch250004p/mchoi10/IBLGF-AMR/runs/ns_amr_lgf2D/2026-07-30_16-42-27
    Exe:      /ocean/projects/mch250004p/mchoi10/IBLGF-AMR/build-remote/tests/ns_amr_lgf2D/ns_amr_lgf2D.x
    Config:   config_re1000.cfg
    MPI:      32 (mpiexec)
    Logs:     stdout.log / stderr.log
==> Done. Outputs are in: /ocean/projects/mch250004p/mchoi10/IBLGF-AMR/runs/ns_amr_lgf2D/2026-07-30_16-42-27
