==> Loading dependency environment: /ocean/projects/mch250004p/mchoi10/iblgf-lib/setup_iblgf.sh
==> Building remote tree (-j 128)
[  2%] Built target gtest
[  2%] Built target copy_ifherk_files
[  2%] Built target copy_files
[  2%] Built target copy_ifherk_files2D
[  7%] Built target triple_decomposition.x
[  9%] Built target iblgf_test_main
[ 18%] Built target convTest.x
[ 19%] Built target block_descriptor
[ 25%] Built target svt
[ 43%] Built target poisson.x
[ 46%] Built target ns_amr_lgf.x
[ 47%] Built target server_client
[ 48%] Built target ns_amr_lgf2D.x
[ 48%] Built target poisson2D.x
[ 54%] Built target view
[ 63%] Built target datafields
[ 63%] Built target tree
[ 69%] Built target convFFTTest
[ 74%] Built target convSingleBlockTest
[ 79%] Built target poisson_Test
[ 93%] Built target ns_amr_lgf_Test2D
[ 97%] Built target ffmTest
[ 97%] Built target ns_amr_lgf_Test
[100%] Built target operators
==> Running test 'ns_amr_lgf2D'
    Host:     r395.ib.bridges2.psc.edu
    Run dir:  /ocean/projects/mch250004p/mchoi10/IBLGF-AMR/runs/ns_amr_lgf2D/2026-07-30_17-33-34
    Exe:      /ocean/projects/mch250004p/mchoi10/IBLGF-AMR/build-remote/tests/ns_amr_lgf2D/ns_amr_lgf2D.x
    Config:   config_re1400.cfg
    MPI:      32 (mpiexec)
    Logs:     stdout.log / stderr.log
==> Done. Outputs are in: /ocean/projects/mch250004p/mchoi10/IBLGF-AMR/runs/ns_amr_lgf2D/2026-07-30_17-33-34
