==> Loading dependency environment: /ocean/projects/mch250004p/mchoi10/iblgf-lib/setup_iblgf.sh
==> Building remote tree (-j 128)
[  2%] Built target gtest
[  2%] Built target copy_files
[  2%] Built target copy_ifherk_files
[  7%] Built target triple_decomposition.x
[  9%] Built target iblgf_test_main
[ 14%] Built target convTest.x
[ 19%] Built target copy_ifherk_files2D
[ 32%] Built target ns_amr_lgf.x
[ 40%] Built target server_client
[ 45%] Built target ns_amr_lgf2D.x
[ 46%] Built target poisson.x
[ 48%] Built target svt
[ 48%] Built target poisson2D.x
[ 48%] Built target block_descriptor
[ 61%] Built target datafields
[ 62%] Built target tree
[ 74%] Built target poisson_Test
[ 77%] Built target operators
[ 85%] Built target convSingleBlockTest
[ 95%] Built target ns_amr_lgf_Test
[ 95%] Built target ffmTest
[ 96%] Built target view
[100%] Built target convFFTTest
[100%] Built target ns_amr_lgf_Test2D
==> Running test 'ns_amr_lgf2D'
    Host:     r073.ib.bridges2.psc.edu
    Run dir:  /ocean/projects/mch250004p/mchoi10/IBLGF-AMR/runs/ns_amr_lgf2D/2026-07-29_13-15-04
    Exe:      /ocean/projects/mch250004p/mchoi10/IBLGF-AMR/build-remote/tests/ns_amr_lgf2D/ns_amr_lgf2D.x
    Config:   config_tau1p0_res0p0625.cfg
    MPI:      32 (mpiexec)
    Logs:     stdout.log / stderr.log
==> Done. Outputs are in: /ocean/projects/mch250004p/mchoi10/IBLGF-AMR/runs/ns_amr_lgf2D/2026-07-29_13-15-04
