==> Loading dependency environment: /ocean/projects/mch250004p/mchoi10/iblgf-lib/setup_iblgf.sh
==> Building remote tree (-j 128)
[  6%] Built target copy_files
[  6%] Built target copy_ifherk_files2D
[  6%] Built target triple_decomposition.x
[  7%] Built target gtest
[  7%] Built target copy_ifherk_files
[ 10%] Built target iblgf_test_main
[ 15%] Built target poisson.x
[ 28%] Built target ns_amr_lgf.x
[ 32%] Built target ns_amr_lgf2D.x
[ 34%] Built target poisson2D.x
[ 35%] Built target convTest.x
[ 40%] Built target block_descriptor
[ 44%] Built target server_client
[ 48%] Built target svt
[ 58%] Built target datafields
[ 58%] Built target view
[ 68%] Built target tree
[ 70%] Built target convSingleBlockTest
[ 91%] Built target ns_amr_lgf_Test
[ 91%] Built target poisson_Test
[ 93%] Built target operators
[ 97%] Built target ns_amr_lgf_Test2D
[100%] Built target convFFTTest
[100%] Built target ffmTest
==> Running test 'ns_amr_lgf2D'
    Host:     r073.ib.bridges2.psc.edu
    Run dir:  /ocean/projects/mch250004p/mchoi10/IBLGF-AMR/runs/ns_amr_lgf2D/2026-07-29_13-37-07
    Exe:      /ocean/projects/mch250004p/mchoi10/IBLGF-AMR/build-remote/tests/ns_amr_lgf2D/ns_amr_lgf2D.x
    Config:   config_tau1p0_res0p015625.cfg
    MPI:      32 (mpiexec)
    Logs:     stdout.log / stderr.log
==> Done. Outputs are in: /ocean/projects/mch250004p/mchoi10/IBLGF-AMR/runs/ns_amr_lgf2D/2026-07-29_13-37-07
