==> Loading dependency environment: /ocean/projects/mch250004p/mchoi10/iblgf-lib/setup_iblgf.sh
==> Building remote tree (-j 128)
[  0%] Built target copy_files
[  0%] Built target copy_ifherk_files2D
[  0%] Built target copy_ifherk_files
[  2%] Built target gtest
[  7%] Built target triple_decomposition.x
[  9%] Built target iblgf_test_main
[ 14%] Built target svt
[ 19%] Built target block_descriptor
[ 23%] Built target server_client
[ 35%] Built target convTest.x
[ 45%] Built target tree
[ 45%] Built target datafields
[ 53%] Built target ffmTest
[ 56%] Built target convSingleBlockTest
[ 72%] Built target poisson.x
[ 79%] Built target ns_amr_lgf_Test
[ 81%] Built target operators
[ 85%] Built target ns_amr_lgf2D.x
[ 85%] Built target convFFTTest
[ 85%] Built target poisson_Test
[ 85%] Built target view
[ 91%] Built target ns_amr_lgf_Test2D
[ 97%] Built target poisson2D.x
[100%] Built target ns_amr_lgf.x
==> Running test 'ns_amr_lgf2D'
    Host:     r073.ib.bridges2.psc.edu
    Run dir:  /ocean/projects/mch250004p/mchoi10/IBLGF-AMR/runs/ns_amr_lgf2D/2026-07-29_13-11-19
    Exe:      /ocean/projects/mch250004p/mchoi10/IBLGF-AMR/build-remote/tests/ns_amr_lgf2D/ns_amr_lgf2D.x
    Config:   config_tau1p0_res0p125.cfg
    MPI:      32 (mpiexec)
    Logs:     stdout.log / stderr.log
==> Done. Outputs are in: /ocean/projects/mch250004p/mchoi10/IBLGF-AMR/runs/ns_amr_lgf2D/2026-07-29_13-11-19
